Dropping unnamed constraint on [dbo].[TRANSACTION]...
Dropping unnamed constraint on [dbo].[TRANSACTION]...
Dropping unnamed constraint on [dbo].[REPORT_TRANSACTIONS_EXP]...
Dropping [dbo].[FK_TRANS_SALES_REP]...
Dropping [dbo].[FK_AFFILIATOR_REPORT_TRANSACTIONS_EXP_CODE]...
Dropping [dbo].[FK_COMPANY_REPORT_TRANSACTIONS_EXP_CODE]...
Dropping unnamed constraint on [dbo].[REPORT_TRANSACTIONS_EXP]...
Mensagem 3728, Nível 16, Estado 1, Linha 58
'FK__REPORT_TR__COD_U__18D771F0' is not a constraint.
Mensagem 3727, Nível 16, Estado 0, Linha 58
Could not drop constraint. See previous errors.
Dropping [dbo].[FK_TRAN_POSWEB_DATA_TRANSACTION]...
Dropping [dbo].[FK_TRANSACTION_DATA]...
Dropping [dbo].[FK_CONCILIATION_COD_TRAN]...
Dropping [dbo].[FK_TRAN_SERVICE]...
Dropping [dbo].[FK_TRAN_CONC_ITEM_CANCEL]...
Dropping [dbo].[FK_TRANSACTION_TRAN_COST]...
Dropping unnamed constraint on [dbo].[SPLIT_PENDING]...
Dropping [dbo].[FK_ASS_DEPTO_TERMINAL_TRANSACTION]...
Dropping [dbo].[FK_ASS_TR_COMP_TRAN]...
Dropping [dbo].[FK_COD_ASS_TX_DEP_TRANSACT]...
Dropping [dbo].[FK_COMPANY_TRAN_CODE]...
Dropping [dbo].[FK_CURRENCY_TRANSACTION]...
Dropping [dbo].[FK_PLAN_TRANSACTION]...
Dropping [dbo].[FK_PROD_ACQ_TRANSACTION]...
Dropping [dbo].[FK_SITUATION_TRANSACTION]...
Dropping [dbo].[FK_TAX_PLAN_TRANSACTION]...
Dropping unnamed constraint on [dbo].[TRANSACTION]...
Dropping unnamed constraint on [dbo].[TRANSACTION]...
Dropping unnamed constraint on [dbo].[TRANSACTION]...
Dropping unnamed constraint on [dbo].[TRANSACTION]...
Mensagem 3728, Nível 16, Estado 1, Linha 218
'FK__TRANSACTI__COD_U__1ABFBA62' is not a constraint.
Mensagem 3727, Nível 16, Estado 0, Linha 218
Could not drop constraint. See previous errors.
Dropping unnamed constraint on [dbo].[TRANSACTION]...
Dropping unnamed constraint on [dbo].[TRANSACTION]...
Dropping unnamed constraint on [dbo].[TRANSACTION]...
Dropping [dbo].[FK_COMPANY_TRAN_REPOR_CODE]...
Dropping unnamed constraint on [dbo].[TRANSACTION]...
Dropping [dbo].[FK_AC_TRANSACTION]...
Dropping [dbo].[FK_TRANS_TITLE]...
Dropping [dbo].[FK_COD_TRAN_REPORT_STATUS_TRANSACTION_CODE]...
Dropping unnamed constraint on [dbo].[RELEASE_ADJUSTMENTS]...
Dropping [dbo].[FK_HIST_TRANSACTION]...
Dropping unnamed constraint on [dbo].[ORDER_ITEM]...
Mensagem 4902, Nível 16, Estado 1, Linha 306
Cannot find the object "dbo.ORDER_ITEM" because it does not exist or you do not have permissions.
Dropping unnamed constraint on [dbo].[RELEASE_ADJUSTMENTS]...
Mensagem 3728, Nível 16, Estado 1, Linha 314
'FK__RELEASE_A__COD_F__17E34DB7' is not a constraint.
Mensagem 3727, Nível 16, Estado 0, Linha 314
Could not drop constraint. See previous errors.
Dropping unnamed constraint on [dbo].[TRANSACTION_TITLES]...
Mensagem 3728, Nível 16, Estado 1, Linha 322
'FK__TRANSACTI__COD_F__1BB3DE9B' is not a constraint.
Mensagem 3727, Nível 16, Estado 0, Linha 322
Could not drop constraint. See previous errors.
Dropping [dbo].[teste]...
Mensagem 3701, Nível 11, Estado 5, Linha 330
Cannot drop the table 'dbo.teste', because it does not exist or you do not have permission.
Creating [dbo].[TP_ONLINE_CREDENTIALS]...
Mensagem 219, Nível 16, Estado 1, Linha 338
The type 'dbo.TP_ONLINE_CREDENTIALS' already exists, or you do not have permission to create it.
Altering [dbo].[ACCESS_APPAPI]...
Altering [dbo].[ACQUIRER]...
Mensagem 2705, Nível 16, Estado 4, Linha 358
Column names in each table must be unique. Column name 'ONLINE' in table 'dbo.ACQUIRER' is specified more than once.
Altering [dbo].[ACQUIRER_KEYS_CREDENTIALS]...
Mensagem 2705, Nível 16, Estado 4, Linha 368
Column names in each table must be unique. Column name 'CODE_EC' in table 'dbo.ACQUIRER_KEYS_CREDENTIALS' is specified more than once.
Altering [dbo].[AFFILIATOR]...
Altering [dbo].[CITY]...
Mensagem 2705, Nível 16, Estado 4, Linha 385
Column names in each table must be unique. Column name 'CITY_CODE' in table 'dbo.CITY' is specified more than once.
Creating [dbo].[CITY].[IX_CITY_COD_STATE_NAME]...
Mensagem 1913, Nível 16, Estado 1, Linha 394
The operation failed because an index or statistics with name 'IX_CITY_COD_STATE_NAME' already exists on table 'dbo.CITY'.
Altering [dbo].[COMMERCIAL_ESTABLISHMENT]...
Mensagem 2705, Nível 16, Estado 4, Linha 408
Column names in each table must be unique. Column name 'EMAIL_SENDED' in table 'dbo.COMMERCIAL_ESTABLISHMENT' is specified more than once.
Altering [dbo].[PLAN]...
Altering [dbo].[RELEASE_ADJUSTMENTS]...
Mensagem 4924, Nível 16, Estado 1, Linha 425
ALTER TABLE DROP COLUMN failed because column 'COD_FINANCE_CALENDAR' does not exist in table 'RELEASE_ADJUSTMENTS'.
Altering [dbo].[REPORT_TRANSACTIONS]...
Mensagem 2705, Nível 16, Estado 4, Linha 433
Column names in each table must be unique. Column name 'LINK_PAYMENT_SERVICE' in table 'dbo.REPORT_TRANSACTIONS' is specified more than once.
Creating [dbo].[REPORT_TRANSACTIONS].[nci_wi_REPORT_TRANSACTIONS_3C4B13980B5C3EE0DE0E4E618820CA82]...
Mensagem 1913, Nível 16, Estado 1, Linha 445
The operation failed because an index or statistics with name 'nci_wi_REPORT_TRANSACTIONS_3C4B13980B5C3EE0DE0E4E618820CA82' already exists on table 'dbo.REPORT_TRANSACTIONS'.
Starting rebuilding table [dbo].[REPORT_TRANSACTIONS_EXP]...

(3704517 linhas afetadas)
Caution: Changing any part of an object name could break scripts and stored procedures.
Caution: Changing any part of an object name could break scripts and stored procedures.
Caution: Changing any part of an object name could break scripts and stored procedures.
Creating [dbo].[REPORT_TRANSACTIONS_EXP].[IX_REP_TRAN_EXP_COD_TRAN]...
Creating [dbo].[REPORT_TRANSACTIONS_EXP].[IX_VALUE_SIT_TRANDATE_REP_EXP]...
Creating [dbo].[REPORT_TRANSACTIONS_EXP].[IX_REPORT_EXP_AFFILIATOR_COMP_TRANDATE]...
Creating [dbo].[REPORT_TRANSACTIONS_EXP].[IX_REP_TRAN_EXP_COMP_EC_TRANDATE]...
Creating [dbo].[REPORT_TRANSACTIONS_EXP].[IX_REPORT_TRANS_DATA_COMP_EC]...
Altering [dbo].[TARIFF_EC]...
Mensagem 4924, Nível 16, Estado 1, Linha 654
ALTER TABLE DROP COLUMN failed because column 'COD_FINANCE_CALENDAR' does not exist in table 'TARIFF_EC'.
Starting rebuilding table [dbo].[TRANSACTION]...

(3718674 linhas afetadas)
Caution: Changing any part of an object name could break scripts and stored procedures.
Caution: Changing any part of an object name could break scripts and stored procedures.
Caution: Changing any part of an object name could break scripts and stored procedures.
Creating [dbo].[TRANSACTION].[IX_TRANSACTION_COD_SITUATION_CREATED_AT]...
Creating [dbo].[TRANSACTION].[IDX_TRAN_EXP_COD_TTYPE]...
Creating [dbo].[TRANSACTION].[IX_TRAN_SITUATION_CREATED_AT_CONS]...
Creating [dbo].[TRANSACTION].[IX_TR_SIT_BR_DATE]...
Creating [dbo].[TRANSACTION].[IX_TRANSACTION_COD_TYPE_BRAND]...
Creating [dbo].[TRANSACTION].[IX_TRAN_CREATED_COD_SIT]...
Altering [dbo].[TRANSACTION_TITLES]...
Mensagem 4924, Nível 16, Estado 1, Linha 833
ALTER TABLE DROP COLUMN failed because column 'COD_FINANCE_CALENDAR' does not exist in table 'TRANSACTION_TITLES'.
Creating [dbo].[TRANSACTION_TITLES].[IX_CREATED_AT_COD_SIT_TRAN_TITLE]...
Mensagem 1913, Nível 16, Estado 1, Linha 841
The operation failed because an index or statistics with name 'IX_CREATED_AT_COD_SIT_TRAN_TITLE' already exists on table 'dbo.TRANSACTION_TITLES'.
Altering [dbo].[USERS]...
Mensagem 2705, Nível 16, Estado 4, Linha 851
Column names in each table must be unique. Column name 'SENT' in table 'dbo.USERS' is specified more than once.
Creating [dbo].[KEYS_ACQUIRER]...
Mensagem 2714, Nível 16, Estado 6, Linha 860
There is already an object named 'KEYS_ACQUIRER' in the database.
Creating [dbo].[LINK_PAYMENTS_ACTIVE]...
Mensagem 2714, Nível 16, Estado 6, Linha 873
There is already an object named 'LINK_PAYMENTS_ACTIVE' in the database.
Creating [dbo].[MERCHANT_LOGICALNUMBERS_ACQ]...
Mensagem 2714, Nível 16, Estado 6, Linha 885
There is already an object named 'MERCHANT_LOGICALNUMBERS_ACQ' in the database.
Creating [dbo].[PRODUCT_TYPE_LINK]...
Mensagem 2714, Nível 16, Estado 6, Linha 904
There is already an object named 'PRODUCT_TYPE_LINK' in the database.
Creating [dbo].[SHIPPING_TYPE]...
Mensagem 2714, Nível 16, Estado 6, Linha 918
There is already an object named 'SHIPPING_TYPE' in the database.
Creating [dbo].[DATA_EQUIPMENT_AC].[nci_wi_DATA_EQUIPMENT_AC_6D33476A6C3684006D5214B2DCA2946A]...
Mensagem 1913, Nível 16, Estado 1, Linha 931
The operation failed because an index or statistics with name 'nci_wi_DATA_EQUIPMENT_AC_6D33476A6C3684006D5214B2DCA2946A' already exists on table 'dbo.DATA_EQUIPMENT_AC'.
Creating [dbo].[PLAN_TAX_AFFILIATOR].[nci_wi_PLAN_TAX_AFFILIATOR_AF54D12650DDE6688EC2DBD3BB6B1EF9]...
Mensagem 1913, Nível 16, Estado 1, Linha 940
The operation failed because an index or statistics with name 'nci_wi_PLAN_TAX_AFFILIATOR_AF54D12650DDE6688EC2DBD3BB6B1EF9' already exists on table 'dbo.PLAN_TAX_AFFILIATOR'.
Creating [dbo].[POSWEB_DATA_TRANSACTION].[IX_POS_WEB_COD_TRAN_DES_TRACKING]...
Mensagem 1913, Nível 16, Estado 1, Linha 950
The operation failed because an index or statistics with name 'IX_POS_WEB_COD_TRAN_DES_TRACKING' already exists on table 'dbo.POSWEB_DATA_TRANSACTION'.
Creating [dbo].[REPORT_CONSOLIDATED_TRANS_SUB].[IX_REP_DIARY_STONE]...
Mensagem 1913, Nível 16, Estado 1, Linha 960
The operation failed because an index or statistics with name 'IX_REP_DIARY_STONE' already exists on table 'dbo.REPORT_CONSOLIDATED_TRANS_SUB'.
Creating [dbo].[SERVICES_AVAILABLE].[nci_wi_SERVICES_AVAILABLE_F1E1D450B47D770F66FABF18E90E25E1]...
Mensagem 1913, Nível 16, Estado 1, Linha 970
The operation failed because an index or statistics with name 'nci_wi_SERVICES_AVAILABLE_F1E1D450B47D770F66FABF18E90E25E1' already exists on table 'dbo.SERVICES_AVAILABLE'.
Creating unnamed constraint on [dbo].[MERCHANT_LOGICALNUMBERS_ACQ]...
Mensagem 1781, Nível 16, Estado 1, Linha 979
Column already has a DEFAULT bound to it.
Mensagem 1750, Nível 16, Estado 0, Linha 979
Could not create constraint or index. See previous errors.
Creating unnamed constraint on [dbo].[MERCHANT_LOGICALNUMBERS_ACQ]...
Mensagem 1781, Nível 16, Estado 1, Linha 988
Column already has a DEFAULT bound to it.
Mensagem 1750, Nível 16, Estado 0, Linha 988
Could not create constraint or index. See previous errors.
Creating unnamed constraint on [dbo].[PRODUCT_TYPE_LINK]...
Mensagem 1781, Nível 16, Estado 1, Linha 997
Column already has a DEFAULT bound to it.
Mensagem 1750, Nível 16, Estado 0, Linha 997
Could not create constraint or index. See previous errors.
Creating unnamed constraint on [dbo].[SHIPPING_TYPE]...
Mensagem 1781, Nível 16, Estado 1, Linha 1006
Column already has a DEFAULT bound to it.
Mensagem 1750, Nível 16, Estado 0, Linha 1006
Could not create constraint or index. See previous errors.
Creating unnamed constraint on [dbo].[REPORT_TRANSACTIONS_EXP]...
Creating [dbo].[FK_TRANS_SALES_REP]...
Creating [dbo].[FK_AFFILIATOR_REPORT_TRANSACTIONS_EXP_CODE]...
Creating [dbo].[FK_COMPANY_REPORT_TRANSACTIONS_EXP_CODE]...
Creating unnamed constraint on [dbo].[REPORT_TRANSACTIONS_EXP]...
Creating [dbo].[FK_TRAN_POSWEB_DATA_TRANSACTION]...
Creating [dbo].[FK_TRANSACTION_DATA]...
Creating [dbo].[FK_CONCILIATION_COD_TRAN]...
Creating [dbo].[FK_TRAN_SERVICE]...
Creating [dbo].[FK_TRAN_CONC_ITEM_CANCEL]...
Creating [dbo].[FK_TRANSACTION_TRAN_COST]...
Creating unnamed constraint on [dbo].[SPLIT_PENDING]...
Creating [dbo].[FK_ASS_DEPTO_TERMINAL_TRANSACTION]...
Creating [dbo].[FK_ASS_TR_COMP_TRAN]...
Creating [dbo].[FK_COD_ASS_TX_DEP_TRANSACT]...
Creating [dbo].[FK_COMPANY_TRAN_CODE]...
Creating [dbo].[FK_CURRENCY_TRANSACTION]...
Creating [dbo].[FK_PLAN_TRANSACTION]...
Creating [dbo].[FK_PROD_ACQ_TRANSACTION]...
Creating [dbo].[FK_SITUATION_TRANSACTION]...
Creating [dbo].[FK_TAX_PLAN_TRANSACTION]...
Creating unnamed constraint on [dbo].[TRANSACTION]...
Creating unnamed constraint on [dbo].[TRANSACTION]...
Creating unnamed constraint on [dbo].[TRANSACTION]...
Creating unnamed constraint on [dbo].[TRANSACTION]...
Creating unnamed constraint on [dbo].[TRANSACTION]...
Creating unnamed constraint on [dbo].[TRANSACTION]...
Creating unnamed constraint on [dbo].[TRANSACTION]...
Creating [dbo].[FK_COMPANY_TRAN_REPOR_CODE]...
Creating unnamed constraint on [dbo].[TRANSACTION]...
Creating [dbo].[FK_AC_TRANSACTION]...
Creating [dbo].[FK_TRANS_TITLE]...
Creating [dbo].[FK_COD_TRAN_REPORT_STATUS_TRANSACTION_CODE]...
Creating unnamed constraint on [dbo].[RELEASE_ADJUSTMENTS]...
Creating [dbo].[FK_HIST_TRANSACTION]...
Creating unnamed constraint on [dbo].[KEYS_ACQUIRER]...
Creating [dbo].[FK_ACQUIRER_LINK_PAYMENT]...
Mensagem 2714, Nível 16, Estado 5, Linha 1339
There is already an object named 'FK_ACQUIRER_LINK_PAYMENT' in the database.
Mensagem 1750, Nível 16, Estado 1, Linha 1339
Could not create constraint or index. See previous errors.
Creating [dbo].[FK_EC_MERCHANT_LOG_ACQ]...
Mensagem 2714, Nível 16, Estado 5, Linha 1348
There is already an object named 'FK_EC_MERCHANT_LOG_ACQ' in the database.
Mensagem 1750, Nível 16, Estado 1, Linha 1348
Could not create constraint or index. See previous errors.
Creating [dbo].[FK_USER_MERCHNAT_LOG_ACQ]...
Mensagem 2714, Nível 16, Estado 5, Linha 1357
There is already an object named 'FK_USER_MERCHNAT_LOG_ACQ' in the database.
Mensagem 1750, Nível 16, Estado 1, Linha 1357
Could not create constraint or index. See previous errors.
Creating [dbo].[FK_ACQ_MERCHANT_LOG_ACQ]...
Mensagem 2714, Nível 16, Estado 5, Linha 1366
There is already an object named 'FK_ACQ_MERCHANT_LOG_ACQ' in the database.
Mensagem 1750, Nível 16, Estado 1, Linha 1366
Could not create constraint or index. See previous errors.
Refreshing [dbo].[VW_AC_TRAN_TYPE_SUB]...
Refreshing [dbo].[VW_DETAILS_VALUETORECEIVE]...
Refreshing [dbo].[VW_DETAILS_VALUETORECEIVE_ACQ]...
Refreshing [dbo].[VW_EXPORT_FULL_FINANCE_CALENDAR]...
Refreshing [dbo].[VW_EXTERNAL_DATA_EC_ACQ]...
Refreshing [dbo].[VW_FULL_EQUIPMENT]...
Refreshing [dbo].[VW_RECEIPT_TRANSACTION]...
Altering [dbo].[VW_REPORT_FULL_CASH_FLOW]...
Refreshing [dbo].[VW_REPORT_FULL_CASH_FLOW1]...
Altering [dbo].[VW_REPORT_TRANSACTIONS_EXP]...
Refreshing [dbo].[VW_TRAN_CONFIRMED]...
Refreshing [dbo].[VW_TRAN_CONFIRMED_ON]...
Refreshing [dbo].[VW_VALUE_TORECEIVE]...
Refreshing [dbo].[VW_VALUE_TORECEIVE_ACQ_ADJUST]...
Refreshing [dbo].[VW_VALUE_TORECEIVE_ACQ_CANCEL]...
Refreshing [dbo].[VW_VALUE_TORECEIVE_ACQ_TITLE]...
Altering [dbo].[VW_COMPANY_EC_AFF_BR_DEP_EQUIP]...
Refreshing [dbo].[VW_COMPANY_EC_BR_DEP]...
Refreshing [dbo].[VW_DATA_EXTRACT_CLIENT_SUB_TYPES_AFF]...
Refreshing [dbo].[VW_DETAILS_PAID_EXP]...
Refreshing [dbo].[VW_EC_LEDGER_RETENTION_CTRL]...
Refreshing [dbo].[VW_EC_OPEN_LEDGER]...
Refreshing [dbo].[VW_EQUIPMENT_TRANSACTED_AFF]...
Refreshing [dbo].[VW_EXTRACT_PARTIAL_FIN_VALUES]...
Refreshing [dbo].[VW_EXTRACT_PAYMENT_ABSTRACT_AFF]...
Refreshing [dbo].[VW_EXTRACT_PAYMENT_TRANSACTIONS_AFF]...
Refreshing [dbo].[VW_EXTRACT_QTY_TTYPE_TRANSACTIONS_AFF]...
Refreshing [dbo].[VW_FINANCE_CALENDAR_AFFILIATOR]...
Refreshing [dbo].[VW_FINANCE_CALENDAR_AFFILIATOR_0210]...
Refreshing [dbo].[VW_PAYMENT_DAIRY_EFF]...
Refreshing [dbo].[VW_PAYMENT_DIARY]...
Refreshing [dbo].[VW_PAYMENT_DIARY_AFFL]...
Altering [dbo].[VW_PAYMENT_DIARY_CERC]...
Refreshing [dbo].[VW_PAYMENT_DIARY_CERC_EXP]...
Refreshing [dbo].[VW_PAYMENT_DIARY_NEW]...
Refreshing [dbo].[VW_PROG_COST_TRANSACTION_AFF]...
Refreshing [dbo].[VW_REP_PAYMENT_PROTOCOL_BOTH]...
Msg 207, Nível 16, Estado 1, Procedimento sys.sp_refreshsqlmodule_internal, Linha 85 [Linha de Início do Lote 2348]
Invalid column name 'OPERATOR_CARD'.
Refreshing [dbo].[VW_REP_RELEASES_CERC]...
Refreshing [dbo].[VW_REP_RELEASES_EC]...
Refreshing [dbo].[VW_REP_RELEASES_EC_AFFL]...
Refreshing [dbo].[VW_REP_RELEASES_EC_EFF]...
Refreshing [dbo].[VW_REP_RELEASES_EC_NEW]...
Refreshing [dbo].[VW_REPORT_TRANSACTIONS]...
Refreshing [dbo].[VW_REPORT_TRANSACTIONS_EXPORT]...
Altering [dbo].[VW_REPORT_TRANSACTIONS_PRCS]...
Refreshing [dbo].[VW_TRAN_DATA_WITH_AFF]...
Refreshing [dbo].[VW_COMPANY_EC_BR_DEP_EQUIP]...
Refreshing [dbo].[VW_COMPANY_EC_BR_DEP_EQUIP_ACQ]...
Refreshing [dbo].[VW_COMPANY_EC_BR_DEP_EQUIP_MODEL]...
Refreshing [dbo].[VW_PAYMENT_DIARY_TARIFF]...
Refreshing [dbo].[VW_FINANCE_SCHEDULE]...
Refreshing [dbo].[VW_DATA_EQUIPMENT]...
Refreshing [dbo].[VW_DATA_TRANSACTION]...
Refreshing [dbo].[VW_PAYMENT_DIARY_TARIFF_ADJ]...
Refreshing [dbo].[VW_DATA_ADDRESS]...
Refreshing [dbo].[VW_DATA_COMMERCIAL_ESTABLISHMENT]...
Refreshing [dbo].[VW_DATA_ADT_EC]...
Refreshing [dbo].[VW_ANTICIPATION_TITLE_TARIFF]...
Refreshing [dbo].[VW_ANTICIPATION_VALUES_EC]...
Refreshing [dbo].[VW_DATA_ELO_ECS]...
Refreshing [dbo].[VW_DATA_EXTRACT_CLIENT_SUB]...
Refreshing [dbo].[VW_DATA_EXTRACT_CLIENT_SUB_TYPES]...
Refreshing [dbo].[VW_DEPTOS_BR]...
Refreshing [dbo].[VW_DETAILS_PAID_TITLES]...
Refreshing [dbo].[VW_DETAILS_PAYMENT_TRAN_TITLES]...
Refreshing [dbo].[VW_DOCS_BRANCH_BY_EC]...
Refreshing [dbo].[VW_EQUIPMENT_EC]...
Refreshing [dbo].[VW_EXTRACT_AMOUNT_TTYPE_TRANSACTION_EC]...
Refreshing [dbo].[VW_EXTRACT_PAYMENT_ABSTRACT]...
Refreshing [dbo].[VW_EXTRACT_PAYMENT_CLIENTS]...
Refreshing [dbo].[VW_EXTRACT_PAYMENT_TRANSACTIONS]...
Refreshing [dbo].[VW_EXTRACT_PAYMENT_TRANSACTIONS_EC]...
Refreshing [dbo].[VW_EXTRACT_QTY_TTYPE_TRANSACTIONS]...
Refreshing [dbo].[VW_EXTRACT_QTY_TTYPE_TRANSACTIONS_EC]...
Refreshing [dbo].[VW_FIND_DOCS_BRANCH]...
Refreshing [dbo].[VW_HIST_ASSOCIATE_SERIAL]...
Refreshing [dbo].[VW_PAID_TITLE]...
Refreshing [dbo].[VW_PAID_TITLES]...
Refreshing [dbo].[VW_PAYMENT_DIARY_BR]...
Refreshing [dbo].[VW_PAYMENT_DIARY_CARD]...
Refreshing [dbo].[VW_PAYMENT_DIARY_CARD_PREIPCARD]...
Refreshing [dbo].[VW_PAYMENT_DIARY_CERC_PENDING]...
Refreshing [dbo].[VW_PAYMENT_DIARY_CONFIRMCARD]...
Refreshing [dbo].[VW_PAYMENT_DIARY_EXTRACT_TTYPE]...
Refreshing [dbo].[VW_PAYMENT_DIARY_FILE]...
Refreshing [dbo].[VW_PAYMENT_DIARY_NOTCONFIRMCARD]...
Refreshing [dbo].[VW_PAYMENT_DIARY_ORIGIN]...
Refreshing [dbo].[VW_PAYMENT_DIARY_TITLES]...
Refreshing [dbo].[VW_REP_EC_EXTRACT_CALENDAR_DETAILS]...
Refreshing [dbo].[VW_REP_PAID_RELEASES]...
Refreshing [dbo].[VW_REP_RELEASES_EC_ALL]...
Refreshing [dbo].[VW_REP_RELEASES_EC_BANK]...
Refreshing [dbo].[VW_REP_RELEASES_EC_CARD]...
Refreshing [dbo].[VW_REP_RELEASES_EC_CONFIRMCARD]...
Refreshing [dbo].[VW_REP_RELEASES_EC_CONFIRMCARD_FINANCIAL_COMPESATION]...
Refreshing [dbo].[VW_REP_RELEASES_EC_ORIGIN]...
Refreshing [dbo].[VW_REP_RELEASES_PAYMENT]...
Refreshing [dbo].[VW_TARIFF_EC]...
Refreshing [dbo].[VW_TAX_DEP_BR_EC]...
Refreshing [dbo].[VW_TAX_DEPARTS_EC]...
Refreshing [dbo].[VW_TRAN_ELO]...
Refreshing [dbo].[VW_TRANSACTION_DATA]...
Refreshing [dbo].[VW_TRANSACTION_DATA_GW]...
Refreshing [dbo].[VW_ANTICIPATION_TITLE_CONS]...
Refreshing [dbo].[VW_FINANCE_SCHEDULE_FILE]...
Refreshing [dbo].[VW_SITUATION_TRANSACTION]...
Refreshing [dbo].[VW_HISTORY_EC]...
Refreshing [dbo].[VW_REQUESTS]...
Creating [dbo].[VW_REPORT_FULL_CASH_FLOW_UP]...
Msg 2714, Nível 16, Estado 3, Procedimento VW_REPORT_FULL_CASH_FLOW_UP, Linha 2 [Linha de Início do Lote 3025]
There is already an object named 'VW_REPORT_FULL_CASH_FLOW_UP' in the database.
Refreshing [dbo].[VW_PROG_COST_ACTIVE_AFF]...
Creating [dbo].[fncRemove_Acentuacao2]...
Msg 2714, Nível 16, Estado 3, Procedimento fncRemove_Acentuacao2, Linha 1 [Linha de Início do Lote 3411]
There is already an object named 'fncRemove_Acentuacao2' in the database.
Altering [DBO].[SP_DATA_TRANSACTION]...
Altering [dbo].[SP_DATA_PARAMS_PRODUCTS_ACQ]...
Altering [dbo].[SP_GET_CREDENTIALS_ONLINE]...
Altering [dbo].[SP_REG_ASS_TID_EQUIP_EC]...
Altering [dbo].[SP_REG_ASS_TID_EQUIP_EC_AFF]...
Altering [dbo].[SP_VAL_TID_AVAILABLE_EC]...
Altering [dbo].[SP_VAL_TID_BY_SEGMENT]...
Altering [dbo].[SP_EXPORT_FULL_FINANCE_CALENDAR]...
Altering [dbo].[SP_REG_REPORT_CONSOLIDATED_TRANS_SUB]...
Altering [dbo].[SP_REG_REPORT_TRANSACTIONS_EXP]...
Altering [dbo].[SP_DATA_TRAN_ON]...
Altering [dbo].[SP_GEN_SPLIT_TRANSACTION]...
Altering [dbo].[SP_LOGIN_USER]...
Altering [dbo].[SP_LS_AFFILIATOR_INFO]...
Altering [dbo].[SP_UPDATE_AFFILIATED]...
Altering [dbo].[SP_FINANCE_SCHEDULE_GENERATE_ALL_AWAITING_PAYMENTS]...
Altering [dbo].[SP_EXP_FINANCE_CALENDAR]...
Altering [dbo].[SP_FINANCE_CERC]...
Altering [dbo].[SP_FINANCE_SCHEDULE_GENERATE_PAYMENT]...
Altering [dbo].[SP_REG_REPORT_TRANSACTIONS_PRCS]...
Altering [dbo].[SP_FD_DATA_EC]...
Altering [dbo].[SP_UP_TRANSACTION]...
Altering [dbo].[SP_UP_EC_PWDONLINE]...
Altering [dbo].[SP_DETAILS_FINANCE_CALENDAR_TITLES]...
Altering [dbo].[SP_EQUIPMENT_INITIALIZATION]...
Altering [dbo].[SP_FIND_CELER_PAY_PENDING]...
Altering [dbo].[SP_GENERATE_LOW_TITLES_PAYMENT_EC]...
Altering [dbo].[SP_REG_TRANSACTION]...
Altering [dbo].[SP_REG_TRANSACTION_DENIED]...
Altering [dbo].[SP_DATA_TRAN_TITLE]...
Altering [dbo].[SP_REG_CONTACT_AFL]...
Altering [dbo].[SP_REPORT_ACQUIRER]...
Altering [dbo].[SP_REPORT_CANCELATED]...
Altering [dbo].[SP_REPORT_CONSOLIDATED_TRANSACTION_SUB]...
Altering [dbo].[SP_REPORT_TRANSACTIONS_EXP]...
Altering [dbo].[SP_REPORT_TRANSACTIONS_PAGE]...
Altering [dbo].[SP_REPORT_TRANSACTIONS_SPOT]...
Altering [dbo].[SP_UP_BANK_CERC_EC_SITUATION]...
Creating [dbo].[SP_DEFINE_PRD_PAYMENT_LINK]...
Msg 2714, Nível 16, Estado 3, Procedimento SP_DEFINE_PRD_PAYMENT_LINK, Linha 1 [Linha de Início do Lote 10630]
There is already an object named 'SP_DEFINE_PRD_PAYMENT_LINK' in the database.
Creating [dbo].[SP_FD_ONLINEPOS_EC]...
Msg 2714, Nível 16, Estado 3, Procedimento SP_FD_ONLINEPOS_EC, Linha 2 [Linha de Início do Lote 10665]
There is already an object named 'SP_FD_ONLINEPOS_EC' in the database.
Creating [dbo].[SP_FD_TRANSACTION_TO_APPROVE]...
Msg 2714, Nível 16, Estado 3, Procedimento SP_FD_TRANSACTION_TO_APPROVE, Linha 1 [Linha de Início do Lote 10708]
There is already an object named 'SP_FD_TRANSACTION_TO_APPROVE' in the database.
Creating [dbo].[SP_LS_ACQUIRER_BY_SEGMENT]...
Msg 2714, Nível 16, Estado 3, Procedimento SP_LS_ACQUIRER_BY_SEGMENT, Linha 2 [Linha de Início do Lote 10737]
There is already an object named 'SP_LS_ACQUIRER_BY_SEGMENT' in the database.
Creating [dbo].[SP_LS_ACQUIRER_LINK_PAYMENTS]...
Msg 2714, Nível 16, Estado 3, Procedimento SP_LS_ACQUIRER_LINK_PAYMENTS, Linha 1 [Linha de Início do Lote 10761]
There is already an object named 'SP_LS_ACQUIRER_LINK_PAYMENTS' in the database.
Creating [dbo].[SP_LS_EMAIL_PENDING_TOSEND_TRAN]...
Msg 2714, Nível 16, Estado 3, Procedimento SP_LS_EMAIL_PENDING_TOSEND_TRAN, Linha 4 [Linha de Início do Lote 10779]
There is already an object named 'SP_LS_EMAIL_PENDING_TOSEND_TRAN' in the database.
Creating [dbo].[SP_LS_KEY_ACQ]...
Msg 2714, Nível 16, Estado 3, Procedimento SP_LS_KEY_ACQ, Linha 1 [Linha de Início do Lote 10827]
There is already an object named 'SP_LS_KEY_ACQ' in the database.
Creating [dbo].[SP_LS_MERCHANT_TOSEND]...
Msg 2714, Nível 16, Estado 3, Procedimento SP_LS_MERCHANT_TOSEND, Linha 4 [Linha de Início do Lote 10842]
There is already an object named 'SP_LS_MERCHANT_TOSEND' in the database.
Creating [dbo].[SP_LS_PRODUCTS_TYPE]...
Msg 2714, Nível 16, Estado 3, Procedimento SP_LS_PRODUCTS_TYPE, Linha 2 [Linha de Início do Lote 10947]
There is already an object named 'SP_LS_PRODUCTS_TYPE' in the database.
Creating [dbo].[SP_LS_SHIPPING_TYPE]...
Msg 2714, Nível 16, Estado 3, Procedimento SP_LS_SHIPPING_TYPE, Linha 4 [Linha de Início do Lote 10965]
There is already an object named 'SP_LS_SHIPPING_TYPE' in the database.
Creating [dbo].[SP_LS_USERS_TO_SEND]...
Msg 2714, Nível 16, Estado 3, Procedimento SP_LS_USERS_TO_SEND, Linha 1 [Linha de Início do Lote 10989]
There is already an object named 'SP_LS_USERS_TO_SEND' in the database.
Creating [dbo].[SP_REG_EMAIL_SEND_EC]...
Msg 2714, Nível 16, Estado 3, Procedimento SP_REG_EMAIL_SEND_EC, Linha 4 [Linha de Início do Lote 11013]
There is already an object named 'SP_REG_EMAIL_SEND_EC' in the database.
Creating [dbo].[SP_REG_EMAIL_TRAN_LINK]...
Msg 2714, Nível 16, Estado 3, Procedimento SP_REG_EMAIL_TRAN_LINK, Linha 1 [Linha de Início do Lote 11037]
There is already an object named 'SP_REG_EMAIL_TRAN_LINK' in the database.
Creating [dbo].[SP_REG_LOGNUMBER_ACQ_MERCHANT]...
Msg 2714, Nível 16, Estado 3, Procedimento SP_REG_LOGNUMBER_ACQ_MERCHANT, Linha 2 [Linha de Início do Lote 11058]
There is already an object named 'SP_REG_LOGNUMBER_ACQ_MERCHANT' in the database.
Creating [dbo].[SP_REG_ONLINE_CREDENTIALS]...
Msg 2714, Nível 16, Estado 3, Procedimento SP_REG_ONLINE_CREDENTIALS, Linha 3 [Linha de Início do Lote 11135]
There is already an object named 'SP_REG_ONLINE_CREDENTIALS' in the database.
Creating [dbo].[SP_UP_SENT_USER]...
Msg 2714, Nível 16, Estado 3, Procedimento SP_UP_SENT_USER, Linha 2 [Linha de Início do Lote 11182]
There is already an object named 'SP_UP_SENT_USER' in the database.
Altering [dbo].[SP_UP_TRANSACTION_ON]...
Altering [dbo].[SP_VAL_LIMIT_EC]...
Altering [dbo].[SP_VALIDATE_TRANSACTION_ON]...
Refreshing [dbo].[SP_FD_CREDENTIALS_AFF]...
Refreshing [dbo].[SP_GW_FD_AFF_EXT]...
Refreshing [dbo].[SP_GW_REG_ACCESS_APPAPI]...
Refreshing [dbo].[SP_GW_REG_EXT_ACCESS]...
Refreshing [dbo].[SP_GW_REG_TOKEN_EXT]...
Refreshing [dbo].[SP_GW_VAL_GEN_TOKEN_EXT]...
Refreshing [dbo].[SP_LS_DATA_COMP_ACCESS_KEYS]...
Refreshing [dbo].[SP_LS_DATA_COMP_ACCESS_KEYS_EXTERNAL]...
Refreshing [dbo].[SP_REG_ACCESS_APPAPI]...
Refreshing [dbo].[SP_REG_ACCESS_NOTIFICATION_AFF]...
Refreshing [dbo].[SP_UP_CREDENTIAL_AFF]...
Refreshing [dbo].[SP_VAL_ACCESS_APPAPI]...
Refreshing [DBO].[SP_LOAD_TABLES_EQUIP]...
Refreshing [dbo].[SP_DATA_CARD_RULES_PROD]...
Refreshing [dbo].[SP_DATA_COMP_ACQ]...
Refreshing [dbo].[SP_DATA_COMP_ACQ_1]...
Refreshing [dbo].[SP_DATA_COMP_ACQ_NEW]...
Refreshing [dbo].[SP_DATA_EQUIP_AC]...
Refreshing [dbo].[SP_DATA_TRAN]...
Refreshing [dbo].[SP_DEFINE_ACQ]...
Refreshing [dbo].[SP_DISABLE_ASS_EQUIP_DEPTO]...
Refreshing [dbo].[SP_DSB_REP_SIT_TRAN_ACQ]...
Refreshing [dbo].[SP_FD_DATA_TRAN_OPER]...
Refreshing [dbo].[SP_GET_DATA_EC_AC_OLN]...
Refreshing [dbo].[SP_GET_DATA_EC_AC_OLN_2]...
Refreshing [dbo].[SP_LOAD_TABLES_CONFIG]...
Refreshing [dbo].[SP_LS_ACQUIRER_BY_GROUP]...
Refreshing [dbo].[SP_LS_DATA_EC_ACQ]...
Refreshing [dbo].[SP_LS_DATA_EC_ACQ_CODE]...
Refreshing [dbo].[SP_LS_SERIAL_DATA_AC]...
Refreshing [dbo].[SP_LS_TRAN_TOUNDONE]...
Refreshing [dbo].[SP_LS_TRANSACTION_SETT_BY_ACQ]...
Refreshing [dbo].[SP_LS_TRANSACTION_SETT_BY_BRAND]...
Refreshing [dbo].[SP_REG_ASS_TID_EQUIP_EC_COUNT]...
Refreshing [dbo].[SP_REG_CONC_DATA]...
Refreshing [dbo].[SP_REG_ROUTE_ACQ]...
Refreshing [dbo].[SP_VAL_ASSOCIATE_TIDS]...
Refreshing [dbo].[SP_VAL_REG_ROUTE_ACQ]...
Refreshing [dbo].[SP_DETAILS_VALUETORECEIVE]...
Refreshing [dbo].[SP_DETAILS_VALUETORECEIVE_ACQ]...
Refreshing [dbo].[SP_LS_EQUIPMENT_EXP]...
Refreshing [dbo].[SP_RECEIPT_TRANSACTION]...
Refreshing [dbo].[SP_REG_REPORT_CONSOLIDATED_TRANS_SUB_RECOVERY]...
Msg 207, Nível 16, Estado 1, Procedimento sys.sp_refreshsqlmodule_internal, Linha 85 [Linha de Início do Lote 12574]
Invalid column name 'CPF_EC'.
Refreshing [dbo].[SP_LS_TRAN_TO_CANCEL]...
Refreshing [dbo].[SP_VAL_RECEIVE]...
Refreshing [dbo].[SP_VAL_TORECEIVE_ACQ]...
Refreshing [dbo].[SP_VAL_CANC_TRANSACTION]...
Refreshing [dbo].[SP_ROUTE_TID]...
Refreshing [dbo].[SP_CONTACT_DATA_EQUIP]...
Refreshing [dbo].[SP_REG_SPLIT_PENDING]...
Refreshing [dbo].[SP_ADVANCE_REPORT_SPOT]...
Refreshing [dbo].[SP_REP_PAYMENTS_AFFILIATOR_DETAILS]...
Refreshing [dbo].[SP_LS_SPOT_ELEGIBLE]...
Refreshing [dbo].[SP_ASS_AFF_PLAN]...
Refreshing [dbo].[SP_DATA_NOTIFY_PAYMENTS]...
Refreshing [dbo].[SP_DATA_NOTIFY_PAYMENTS_UNITY]...
Refreshing [dbo].[SP_EXP_TITLE_LOCK_PAYMENT]...
Refreshing [dbo].[SP_FD_BRAND_BY_PLAN]...
Refreshing [dbo].[SP_FD_CREDENTIALS_MERCHANT]...
Refreshing [dbo].[SP_FD_EC_PWDONLINE]...
Refreshing [dbo].[SP_GEN_SEQ_FILE]...
Refreshing [dbo].[SP_GEN_SEQ_FILE_SAFRA]...
Refreshing [dbo].[SP_GEN_TITLES_TRANS]...
Refreshing [dbo].[SP_GEN_TITLES_TRANS_POSWEB]...
Refreshing [dbo].[SP_GEN_TITLES_TRANS_WITH_DATE]...
Refreshing [dbo].[SP_GEN_TITLES_TRANS_WITH_DATE_NEW]...
Refreshing [dbo].[SP_GW_FD_DATA_EC]...
Refreshing [dbo].[SP_LOG_AFF_REG]...
Refreshing [dbo].[SP_LOGIN_USER_DEV]...
Refreshing [dbo].[SP_LS_BRANCH_AFFILIATOR]...
Refreshing [dbo].[SP_LS_BRANCH_COMP]...
Refreshing [dbo].[SP_LS_EC_COMPANY]...
Refreshing [dbo].[SP_LS_OFAC_DATA]...
Refreshing [dbo].[SP_LS_OPERATION_COSTS_AFF]...
Refreshing [dbo].[SP_LS_PLAN_TAX_AFFILIATOR]...
Refreshing [dbo].[SP_LS_PRODUCTS_COMPANY_EDIT_AFF]...
Refreshing [dbo].[SP_LS_SPLIT_PENDING_RETENTATIVE]...
Refreshing [dbo].[SP_LS_SUBDOMAIN_AFL]...
Refreshing [dbo].[SP_LS_TX_PLAN_AFF]...
Refreshing [dbo].[SP_LS_TYPE_CONTRACTS_AFFILIADOR]...
Refreshing [dbo].[SP_LS_TYPE_DOC_AFFILIATOR]...
Refreshing [dbo].[SP_REG_SALES_REP]...
Refreshing [dbo].[SP_REG_TRANSACTION_COSTS]...
Refreshing [dbo].[SP_REGISTER_ADVANCE_SPOT]...
Refreshing [dbo].[SP_UP_AFFILIATOR]...
Refreshing [dbo].[SP_UP_SERVICES]...
Refreshing [dbo].[SP_VAL_POSWEB_TRANSACTION]...
Refreshing [dbo].[SP_VAL_TAX_ASS_AFFILIATOR]...
Refreshing [dbo].[SP_VAL_TAX_EC_AFFILIATOR]...
Refreshing [dbo].[SP_LS_DEPTO_BRANCH]...
Refreshing [dbo].[SP_VALIDATE_TERMINAL]...
Refreshing [dbo].[SP_EXTRACT_CONS_SUB_CLI_AFF]...
Refreshing [dbo].[SP_REG_REPORT_DETAILS_PAID_EXP]...
Refreshing [dbo].[SP_ALLOT_REJOIN]...
Refreshing [dbo].[SP_LS_EC_SCHEDULE_RETENTION]...
Refreshing [dbo].[SP_RELEASE_TITLES_FROM_RULE]...
Refreshing [dbo].[SP_RETAIN_TITLES_FROM_DATE]...
Refreshing [dbo].[SP_LIST_EC_OPEN_LEDGER]...
Refreshing [dbo].[SP_FINANCE_CALENDAR_AFFILIATOR_DETAILS]...
Refreshing [dbo].[SP_EXTRACT_CONS_SUB_AFF]...
Refreshing [dbo].[SP_EXTRACT_CONS_TRAN_SUB_AFF]...
Refreshing [dbo].[SP_GENERATE_PAYMENT_DIARY_AFFILIATOR]...
Refreshing [dbo].[SP_GENERATE_PAYMENT_DIARY_EC]...
Refreshing [dbo].[SP_LS_FINANCE_SCHEDULE]...
Refreshing [dbo].[SP_LS_FINANCE_SCHEDULE_EC_CERC]...
Refreshing [dbo].[SP_FINANCE_CALENDAR_EC_EXTRACT]...
Refreshing [dbo].[SP_FINANCE_CALENDAR_EC_EXTRACT_ACC]...
Refreshing [dbo].[SP_REP_ACC_DIARY_PAYMENT]...
Refreshing [dbo].[SP_FD_PENDING_TITLES]...
Refreshing [dbo].[SP_EXTRACT_QTY_EQUIP_ASS_EC]...
Refreshing [dbo].[SP_REG_DATA_EQUIP_AC]...
Refreshing [dbo].[SP_UP_DATA_TID_AVAILABLE_EC]...
Refreshing [dbo].[SP_REGISTER_ALLOTMENTS]...
Refreshing [dbo].[SP_UP_RETENTION_RULES]...
Refreshing [dbo].[SP_LS_VALUE_PAYMENT]...
Refreshing [dbo].[SP_FD_DATA_BR]...
Refreshing [dbo].[SP_FD_EC_BY_RISK_PERSON]...
Refreshing [dbo].[SP_GW_VERIFY_NEIGH]...
Refreshing [dbo].[SP_LS_CERC_DATA_EC]...
Refreshing [dbo].[SP_LS_CITIES]...
Refreshing [dbo].[SP_LS_NEIGHBORDHOOD]...
Refreshing [dbo].[SP_LS_NEIGHBORDHOODBYNAME]...
Refreshing [dbo].[SP_LS_REQUESTS]...
Refreshing [dbo].[SP_VERIFY_NEIGH]...
Refreshing [dbo].[SP_DATA_ADT_EC]...
Refreshing [dbo].[SP_VALIDATE_TRAN_POSWEB]...
Refreshing [dbo].[SP_SIMULATE_ANTECIP_SPOT]...
Refreshing [dbo].[SP_REPORT_CELER_PAY_DETAIL]...
Refreshing [dbo].[SP_DETAILS_PAYMENT_PROTOCOL_GENNERATE_PDF]...
Refreshing [dbo].[SP_ADD_TAX_DEPTO]...
Refreshing [dbo].[SP_ANTICIPATION_BX]...
Refreshing [dbo].[SP_DASH_LEDGER_INFO]...
Refreshing [dbo].[SP_DATA_ALL_TITLE]...
Refreshing [dbo].[SP_DATA_SIMULATED_PARAMS]...
Refreshing [dbo].[SP_DETAILS_USERS]...
Refreshing [dbo].[SP_DISABLE_COMMERCIAL_ESTAB]...
Refreshing [dbo].[SP_FD_APPLIED_TAX_TRAN_DETAILS]...
Refreshing [dbo].[SP_FD_DATA_CONTACT_BR]...
Refreshing [dbo].[SP_FD_DEFAULT_EC_AFF]...
Refreshing [dbo].[SP_FD_PROVIDER]...
Refreshing [dbo].[SP_FD_PROVIDER_SPLIT]...
Refreshing [dbo].[SP_FD_TX_PLAN_EC]...
Refreshing [dbo].[SP_FINANCE_SCHEDULE_GENERATE_ALL_AWAITING_PAYMENT]...
Refreshing [dbo].[SP_FINANCE_SCHEDULE_GENERATE_AWAITING_PAYMENT]...
Refreshing [dbo].[SP_FIND_AFF_LOWEST_SPOT_TAX]...
Refreshing [dbo].[SP_GENERATE_CANCEL_DIARY_EC_PREIPCARD]...
Refreshing [dbo].[SP_GENERATE_PAYMENT_DIARY_EC_PREIPCARD]...
Refreshing [dbo].[SP_GENERATE_PAYMENT_DIARY_EC_REC]...
Refreshing [dbo].[SP_GENERATE_REVERSAL_CARDSTOBRANCH_EC]...
Refreshing [dbo].[SP_GETKEYBYMERSHANT]...
Refreshing [dbo].[SP_GW_ASS_EQUIP_DEPTO]...
Refreshing [dbo].[SP_GW_DISABLE_ASS_EQUIP_DEPTO]...
Refreshing [dbo].[SP_GW_FD_EQUIP]...
Refreshing [dbo].[SP_GW_LS_DATA_COMPANY_ECS]...
Refreshing [dbo].[SP_GW_REG_COMMERCIAL_ESTAB]...
Refreshing [dbo].[SP_GW_REG_PROVIDER]...
Refreshing [dbo].[SP_LOG_MERC_REG]...
Refreshing [dbo].[SP_LOGIN_USER_MOBILE_EC]...
Refreshing [dbo].[SP_LS_ANTICIPATION_REQUESTS]...
Refreshing [dbo].[SP_LS_CONTACTS_EC]...
Refreshing [dbo].[SP_LS_EC]...
Refreshing [dbo].[SP_LS_EC_PWDONLINE]...
Refreshing [dbo].[SP_LS_EC_REP]...
Refreshing [dbo].[SP_LS_EC_SALES_REP]...
Refreshing [dbo].[SP_LS_EC_USER_ONLINE]...
Refreshing [dbo].[SP_LS_FINANCIAL_COMPENSATION_PREIPCARD]...
Refreshing [dbo].[SP_LS_PENDING_RISK]...
Refreshing [dbo].[SP_LS_SERVICES_AVAILABLE_EC]...
Refreshing [dbo].[SP_LS_TARIFF_EC]...
Refreshing [dbo].[SP_LS_TRANSACTIONS_EC]...
Refreshing [dbo].[SP_LS_USERS]...
Refreshing [dbo].[SP_REG_BANK_CERC_EC]...
Refreshing [dbo].[SP_REG_BANK_CERC_EC_tmp]...
Refreshing [dbo].[SP_REG_COMMERCIAL_ESTAB_SALES]...
Msg 207, Nível 16, Estado 1, Procedimento sys.sp_refreshsqlmodule_internal, Linha 85 [Linha de Início do Lote 13622]
Invalid column name 'COD_USER'.
Refreshing [dbo].[SP_REG_DOC_EC]...
Refreshing [dbo].[SP_REG_OFAC_DATA_ANALYSE]...
Refreshing [dbo].[SP_REG_PROVIDER]...
Refreshing [dbo].[SP_REG_REQ_PAY_CARD_BRANCH]...
Refreshing [dbo].[SP_REG_USER]...
Refreshing [dbo].[SP_REG_USER_DEVELOPER]...
Refreshing [dbo].[SP_REG_USER_NEW]...
Refreshing [dbo].[SP_REP_VALUE_ANTICIPATE_EC]...
Refreshing [dbo].[SP_SET_USER_ACCESS]...
Refreshing [dbo].[SP_SHUFFLE_SENS_DATA]...
Refreshing [dbo].[SP_UP_DATA_BR]...
Refreshing [dbo].[SP_UP_PROFILE_ACCESS_USER]...
Refreshing [dbo].[SP_UP_SET_DEFAULT_EC]...
Refreshing [dbo].[SP_UP_SIT_EC]...
Msg 213, Nível 16, Estado 1, Procedimento sys.sp_refreshsqlmodule_internal, Linha 85 [Linha de Início do Lote 13734]
Column name or number of supplied values does not match table definition.
Refreshing [dbo].[SP_VAL_DOCS_BRANCH_TICKET]...
Msg 213, Nível 16, Estado 1, Procedimento sys.sp_refreshsqlmodule_internal, Linha 85 [Linha de Início do Lote 13742]
Column name or number of supplied values does not match table definition.
Refreshing [dbo].[SP_VAL_DOCS_BRANCH_TICKET_DEV]...
Msg 213, Nível 16, Estado 1, Procedimento sys.sp_refreshsqlmodule_internal, Linha 85 [Linha de Início do Lote 13750]
Column name or number of supplied values does not match table definition.
Refreshing [dbo].[SP_VAL_STATUS_DOCS_TICKET]...
Refreshing [dbo].[SP_VAL_TAX_AFF]...
Refreshing [dbo].[SP_VAL_TAX_AFF_EXP]...
Refreshing [dbo].[SP_VAL_TAX_AFFILIATOR_EC]...
Refreshing [dbo].[SP_VALIDADE_LOGIN_USER]...
Refreshing [dbo].[SP_LS_ECS_ELO]...
Refreshing [dbo].[SP_DETAILS_PAYMENT_PROTOCOL_TITLES]...
Refreshing [dbo].[SP_EXTRACT_AMOUNT_TTYPE_TRANNSATION_EC]...
Refreshing [dbo].[SP_EXTRACT_CONS_SUB]...
Refreshing [dbo].[SP_REP_EXTRACT_CALENDAR_DETAILS]...
Refreshing [dbo].[SP_DETAILS_PAYMENT_PROTOCOL_TARIFF_ADJ]...
Refreshing [dbo].[SP_DETAILS_FINANCE_CALENDAR_TAFIFF_ADJ]...
Refreshing [dbo].[SP_FD_COST_FILE]...
Refreshing [dbo].[SP_FD_TX_DEP_BR_EC]...
Refreshing [dbo].[SP_TRAN_ELO]...
Refreshing [dbo].[SP_GENERATE_PAYMENT_COMPEN_CARD_BR_EC]...
Refreshing [dbo].[SP_ASS_DEPTO_PLAN]...
Refreshing [dbo].[SP_FD_DATA_PLAN]...
Refreshing [dbo].[SP_FD_PLANS_SALES]...
Refreshing [dbo].[SP_LS_PLAN_AFFILIATOR]...
Refreshing [dbo].[SP_LS_PLAN_DEPARTS]...
Refreshing [dbo].[SP_LS_TX_PLAN]...
Refreshing [dbo].[SP_REG_PLAN]...
Refreshing [dbo].[SP_UP_DATA_PLAN]...
Refreshing [dbo].[SP_VALIDATE_AFFILIATED_EC_PLAN]...
Refreshing [dbo].[SP_MARK_TITLES_AS_AVAILABLE]...
Refreshing [dbo].[SP_MARK_TITLES_AS_RETAINED]...
Refreshing [dbo].[SP_REG_FINANCIAL_FILE_SEQ_DISSOCIATION]...
Refreshing [dbo].[SP_REG_RELEASE_ADJ]...
Refreshing [dbo].[SP_REG_RELEASE_ADJ_AFFL]...
Refreshing [dbo].[SP_RETAIN_POSITIVE_RELEASE_PARTIAL]...
Refreshing [dbo].[SP_UNLINK_FINANCE_SCHEDULE_FILE]...
Refreshing [dbo].[SP_UP_GENERATE_PAYMENT_DIARY_EC_LOW_PAYMENT]...
Refreshing [dbo].[SP_CONC_REPROCESS_SIT]...
Refreshing [dbo].[SP_FD_CASH_FLOW_TERMINAL]...
Refreshing [dbo].[SP_LS_EC_TRANSACTION_POS_WEB]...
Refreshing [dbo].[SP_CANCEL_TARIFF_EC]...
Refreshing [dbo].[SP_REG_TARIFF_EC]...
Refreshing [dbo].[SP_REG_TARIFF_EC_DEV]...
Refreshing [dbo].[SP_REG_REPORT_STATUS_TRANSACTION]...
Refreshing [dbo].[SP_DASH_TRAN_BY_BRAND]...
Refreshing [dbo].[SP_DATA_TRANSAC_ONL]...
Refreshing [dbo].[SP_LS_LOW_CONSULTING_TITLES]...
Refreshing [dbo].[SP_REG_DATA_EXT_TR]...
Refreshing [dbo].[SP_REG_DATA_EXT_TR_ON]...
Refreshing [dbo].[SP_REG_HIST_TRANSACTION]...
Refreshing [dbo].[SP_REG_ITEM_TITTLE_CONC]...
Refreshing [dbo].[SP_REG_ITEMS_CONC_CANCELED]...
Refreshing [dbo].[SP_REPORT_TOTALSPOT]...
Refreshing [dbo].[SP_RETURN_STATUS_TRANSACTION]...
Refreshing [dbo].[SP_UP_SPLIT_PENDING]...
Refreshing [dbo].[SP_VAL_Adjustment_Credit_Debit]...
Refreshing [dbo].[SP_REM_ASSIGN_FILE]...
Refreshing [dbo].[SP_REG_ASSIGN_FILE]...
Refreshing [dbo].[SP_REG_HIST_TRAN_TITLE]...
Refreshing [dbo].[SP_RETAIN_TITLE_PARTIAL]...
Refreshing [dbo].[SP_CLEAR_REG_ACCESS]...
Refreshing [dbo].[SP_DISCONNECT_USER]...
Refreshing [dbo].[SP_DISCONNECT_USER_TK_EXP]...
Refreshing [dbo].[SP_FD_DATA_USER]...
Refreshing [dbo].[SP_INITIAL_ACCESS_SECOND_FACTOR]...
Refreshing [dbo].[SP_LOG_USER_REG]...
Refreshing [dbo].[SP_LOGIN_BCK_HDN]...
Refreshing [dbo].[SP_LS_ALL_USERS]...
Refreshing [dbo].[SP_LS_FUNCTIONALITIES_USER]...
Refreshing [dbo].[SP_LS_REP]...
Refreshing [dbo].[SP_LS_REQUESTS_SIT]...
Refreshing [dbo].[SP_LS_SUP_TIC_USER_QUEUE]...
Refreshing [dbo].[SP_LS_SUPPORT_TICKET_EC]...
Refreshing [dbo].[SP_LS_SUPPORT_TICKET_HISTORY]...
Refreshing [dbo].[SP_LS_TOKEN_USER]...
Refreshing [dbo].[SP_REG_DENIED_ACCESS_USER]...
Refreshing [dbo].[SP_REG_MESSAGING]...
Refreshing [dbo].[SP_REG_SEC_FACTOR_PASS]...
Refreshing [dbo].[SP_REG_TOKEN]...
Refreshing [dbo].[SP_REG_USER_DEV]...
Refreshing [dbo].[SP_UNLOCK_USER]...
Refreshing [dbo].[SP_UP_ACTIVE_EC]...
Refreshing [dbo].[SP_UP_DATA_SALES_REPRESENTATIVE]...
Refreshing [dbo].[SP_UP_DATA_USER]...
Refreshing [dbo].[SP_VAL_CPF_USER_AVAILABLE]...
Refreshing [dbo].[SP_VALIDADE_EMAIL_USER]...
Refreshing [dbo].[SP_VALIDADE_PASS_PROV]...
Refreshing [dbo].[SP_VALIDADE_PASS_PROV_LOGIN]...
Refreshing [dbo].[SP_VALIDATE_USERNAME]...
Refreshing [dbo].[SP_LS_HISTORY_EC]...
Refreshing [dbo].[SP_LS_REQ_USER]...
Refreshing [dbo].[SP_UPDATE_AFFILIATOR]...
Refreshing [dbo].[SP_VALIDATE_TRANSACTION_POSWEB]...
Refreshing [dbo].[SP_UPDATE_SERIAL_DATA_AC]...
Refreshing [dbo].[SP_UP_TRANSACTION_POSWEB]...
Refreshing [dbo].[SP_UP_TRANSACTION_WITH_DATE]...
Refreshing [dbo].[SP_UPDATE_CELER_PAY_STATUS]...
Refreshing [dbo].[SP_VALIDATE_TRANSACTION]...
